// Jest Snapshot v1, https://goo.gl/fbAQLP

exports[`color picker renders color 1`] = `
<form
  onSubmit={[Function]}
>
  <input
    name="name"
    onChange={[Function]}
    type="text"
    value=""
  />
  <input
    name="color"
    onChange={[Function]}
    type="color"
    value="#FF0000"
  />
  <button>
    Clicky
  </button>
</form>
`;
