// Jest Snapshot v1, https://goo.gl/fbAQLP

exports[`it displays cool dogs lets see those dogs 1`] = `
<div>
  <h3>
    My Cool Dogs
  </h3>
  <Photos
    photos={Array []}
  />
</div>
`;
