// Jest Snapshot v1, https://goo.gl/fbAQLP

exports[`sidebar makes a sidebar 1`] = `
<nav
  className="Sidebar"
/>
`;
